[dotenv@17.2.3] injecting env (4) from .env.local -- tip: ≡ƒöÉ encrypt with Dotenvx: https://dotenvx.com
============================================================
  INFRASTRUCTURE TEST
============================================================

1. ENVIRONMENT VARIABLES
----------------------------------------
  Supabase URL: Γ£à Set
  Supabase Key: Γ£à Set
  Mistral Key: Γ£à Set

2. SUPABASE CONNECTION
----------------------------------------
  raw_events: Γ£à 60 records
  observations: Γ£à 12 records
  hypotheses: Γ£à 135 records
  risk_assessments: Γ£à 100 records
  decisions: Γ£à 27 records
  action_proposals: Γ£à 19 records
  audit_logs: Γ£à 192 records
  human_approvals: Γ£à 0 records

3. MISTRAL API
----------------------------------------
  Γ£à Mistral API working: {"status": "test successful"}

4. SIMULATION INSERT TEST
----------------------------------------
  Γ£à Insert successful: 3941c5a0-3444-415e-9ca6-3cd28191d223
  Γ£à Cleanup successful

============================================================
  TEST COMPLETE
============================================================
